Input values: 0.510864, -0.052490, 0.286958 -> Movement type is 0
Input values: 0.160034, -0.067047, 0.279276 -> Movement type is 0
Input values: 0.578857, -0.056946, 0.549041 -> Movement type is 0
Input values: 0.440460, -0.092804, 0.539147 -> Movement type is 0
Input values: 0.493256, -0.030457, 0.528261 -> Movement type is 0
Input values: 0.568604, -0.132568, 0.529457 -> Movement type is 0
Input values: 0.570740, -0.114868, 0.532192 -> Movement type is 0
Input values: 0.541656, -0.165741, 0.534885 -> Movement type is 0
Input values: 0.439972, -0.173767, 0.556002 -> Movement type is 0
Input values: 0.383911, -0.089996, 0.534903 -> Movement type is 0
Input values: 0.370453, -0.054352, 0.536770 -> Movement type is 0
Input values: 0.423981, -0.163696, 0.518746 -> Movement type is 0
Input values: 0.461945, -0.148712, 0.528376 -> Movement type is 0
Input values: 0.550781, -0.072144, 0.553625 -> Movement type is 0
Input values: 0.412018, -0.094391, 0.538852 -> Movement type is 0
Input values: 0.504028, -0.114838, 0.287052 -> Movement type is 0
Input values: 0.134735, -0.109833, 0.491153 -> Movement type is 1
Input values: 0.266174, -0.077057, 0.316028 -> Movement type is 0
Input values: 0.462860, -0.088318, 0.533485 -> Movement type is 0
Input values: 0.558441, -0.103271, 0.526732 -> Movement type is 0
Input values: 0.414673, 0.048065, 0.261503 -> Movement type is 0
Input values: 0.145508, -0.114990, 0.316519 -> Movement type is 1
Input values: 0.465363, -0.078186, 0.541416 -> Movement type is 0
Input values: 0.451447, -0.148285, 0.540253 -> Movement type is 0
Input values: 0.392120, -0.031311, 0.543240 -> Movement type is 0
Input values: 0.449707, -0.047028, 0.524476 -> Movement type is 0
Input values: 0.456238, -0.031616, 0.535013 -> Movement type is 0
Input values: 0.404633, -0.031128, 0.537367 -> Movement type is 0
Input values: 0.474396, -0.021210, 0.267783 -> Movement type is 0
Input values: 0.110260, -0.092041, 0.270523 -> Movement type is 0
Input values: 0.409241, -0.081665, 0.533583 -> Movement type is 0
Input values: 0.435699, -0.041626, 0.262535 -> Movement type is 0
Input values: 0.148895, -0.099670, 0.270103 -> Movement type is 0
Input values: 0.457520, -0.121399, 0.524164 -> Movement type is 0
Input values: 0.415771, -0.042328, 0.532861 -> Movement type is 0
Input values: 0.478088, -0.037384, 0.547198 -> Movement type is 0
Input values: 0.387054, -0.093109, 0.539197 -> Movement type is 0
Input values: 0.444794, -0.062988, 0.524547 -> Movement type is 0
Input values: 0.462555, -0.108032, 0.556261 -> Movement type is 0
Input values: 0.463013, -0.012756, 0.528456 -> Movement type is 0
Input values: 0.414734, -0.054138, 0.519980 -> Movement type is 0
Input values: 0.469757, -0.033020, 0.557732 -> Movement type is 0
Input values: 0.962219, -0.007690, 1.000000 -> Movement type is 0
Input values: 0.200348, -0.076141, 0.285387 -> Movement type is 0
Input values: 0.192566, -0.217560, 0.480919 -> Movement type is 1
Input values: 0.232788, -0.224213, 0.506119 -> Movement type is 1
Input values: 0.239624, -0.196594, 0.487256 -> Movement type is 1
Input values: 0.247437, -0.218109, 0.495423 -> Movement type is 1
Input values: 0.225586, -0.281433, 0.483287 -> Movement type is 1
Input values: 0.222290, -0.175842, 0.495542 -> Movement type is 1
Input values: 0.199402, -0.257935, 0.493339 -> Movement type is 1
Input values: 0.268555, -0.281250, 0.477654 -> Movement type is 1
Input values: 0.303741, -0.298279, 0.479146 -> Movement type is 1
Input values: 0.230865, -0.251312, 0.478515 -> Movement type is 1
Input values: 0.192841, -0.148712, 0.485554 -> Movement type is 1
Input values: 0.296783, -0.178040, 0.479398 -> Movement type is 1
Input values: 0.248108, -0.233795, 0.497446 -> Movement type is 1
Input values: 0.495056, -0.314178, 0.483665 -> Movement type is 2
Input values: 0.236755, -0.199951, 0.483452 -> Movement type is 1
Input values: 0.225067, -0.244965, 0.486579 -> Movement type is 1
Input values: 0.217438, -0.221191, 0.497577 -> Movement type is 1
Input values: 0.265961, -0.147308, 0.494566 -> Movement type is 1
Input values: 0.217316, -0.195923, 0.501431 -> Movement type is 1
Input values: 0.203094, -0.253387, 0.489526 -> Movement type is 1
Input values: 0.224731, -0.199249, 0.491193 -> Movement type is 1
Input values: 0.276917, -0.174225, 0.485448 -> Movement type is 1
Input values: 0.203156, -0.221985, 0.500249 -> Movement type is 1
Input values: 0.466766, -0.276184, 0.487187 -> Movement type is 2
Input values: 0.277527, -0.203278, 0.485096 -> Movement type is 1
Input values: 0.218842, -0.222656, 0.487117 -> Movement type is 1
Input values: 0.461090, -0.259888, 0.485854 -> Movement type is 2
Input values: 0.238342, -0.229462, 0.495265 -> Movement type is 1
Input values: 0.237122, -0.241577, 0.572485 -> Movement type is 1
Input values: 0.194397, -0.112915, 0.786344 -> Movement type is 2
Input values: 0.172455, -0.179077, 0.745085 -> Movement type is 2
Input values: 0.197815, -0.173676, 0.744179 -> Movement type is 2
Input values: 0.124359, -0.098785, 0.728393 -> Movement type is 2
Input values: 0.174438, -0.188751, 0.712439 -> Movement type is 2
Input values: 0.167999, -0.180328, 0.750286 -> Movement type is 2
Input values: 0.181671, -0.107086, 0.697456 -> Movement type is 1
Input values: 0.219849, -0.064789, 0.754008 -> Movement type is 1
Input values: 0.147034, -0.091400, 0.734391 -> Movement type is 1
40	2	0	
2	26	3	
0	3	6
